Archive member included to satisfy reference by file (symbol)

/opt/st/stm32cubeide_1.18.0/plugins/com.st.stm32cube.ide.mcu.externaltools.gnu-tools-for-stm32.13.3.rel1.linux64_1.0.0.202410170706/tools/bin/../lib/gcc/arm-none-eabi/13.3.1/../../../../arm-none-eabi/lib/thumb/v7e-m+fp/hard/libc_nano.a(libc_a-exit.o)
                              /opt/st/stm32cubeide_1.18.0/plugins/com.st.stm32cube.ide.mcu.externaltools.gnu-tools-for-stm32.13.3.rel1.linux64_1.0.0.202410170706/tools/bin/../lib/gcc/arm-none-eabi/13.3.1/../../../../arm-none-eabi/lib/thumb/v7e-m+fp/hard/crt0.o (exit)
/opt/st/stm32cubeide_1.18.0/plugins/com.st.stm32cube.ide.mcu.externaltools.gnu-tools-for-stm32.13.3.rel1.linux64_1.0.0.202410170706/tools/bin/../lib/gcc/arm-none-eabi/13.3.1/../../../../arm-none-eabi/lib/thumb/v7e-m+fp/hard/libc_nano.a(libc_a-findfp.o)
                              /opt/st/stm32cubeide_1.18.0/plugins/com.st.stm32cube.ide.mcu.externaltools.gnu-tools-for-stm32.13.3.rel1.linux64_1.0.0.202410170706/tools/bin/../lib/gcc/arm-none-eabi/13.3.1/../../../../arm-none-eabi/lib/thumb/v7e-m+fp/hard/libc_nano.a(libc_a-exit.o) (__stdio_exit_handler)
/opt/st/stm32cubeide_1.18.0/plugins/com.st.stm32cube.ide.mcu.externaltools.gnu-tools-for-stm32.13.3.rel1.linux64_1.0.0.202410170706/tools/bin/../lib/gcc/arm-none-eabi/13.3.1/../../../../arm-none-eabi/lib/thumb/v7e-m+fp/hard/libc_nano.a(libc_a-fwalk.o)
                              /opt/st/stm32cubeide_1.18.0/plugins/com.st.stm32cube.ide.mcu.externaltools.gnu-tools-for-stm32.13.3.rel1.linux64_1.0.0.202410170706/tools/bin/../lib/gcc/arm-none-eabi/13.3.1/../../../../arm-none-eabi/lib/thumb/v7e-m+fp/hard/libc_nano.a(libc_a-findfp.o) (_fwalk_sglue)
/opt/st/stm32cubeide_1.18.0/plugins/com.st.stm32cube.ide.mcu.externaltools.gnu-tools-for-stm32.13.3.rel1.linux64_1.0.0.202410170706/tools/bin/../lib/gcc/arm-none-eabi/13.3.1/../../../../arm-none-eabi/lib/thumb/v7e-m+fp/hard/libc_nano.a(libc_a-stdio.o)
                              /opt/st/stm32cubeide_1.18.0/plugins/com.st.stm32cube.ide.mcu.externaltools.gnu-tools-for-stm32.13.3.rel1.linux64_1.0.0.202410170706/tools/bin/../lib/gcc/arm-none-eabi/13.3.1/../../../../arm-none-eabi/lib/thumb/v7e-m+fp/hard/libc_nano.a(libc_a-findfp.o) (__sread)
/opt/st/stm32cubeide_1.18.0/plugins/com.st.stm32cube.ide.mcu.externaltools.gnu-tools-for-stm32.13.3.rel1.linux64_1.0.0.202410170706/tools/bin/../lib/gcc/arm-none-eabi/13.3.1/../../../../arm-none-eabi/lib/thumb/v7e-m+fp/hard/libc_nano.a(libc_a-memset.o)
                              /opt/st/stm32cubeide_1.18.0/plugins/com.st.stm32cube.ide.mcu.externaltools.gnu-tools-for-stm32.13.3.rel1.linux64_1.0.0.202410170706/tools/bin/../lib/gcc/arm-none-eabi/13.3.1/../../../../arm-none-eabi/lib/thumb/v7e-m+fp/hard/crt0.o (memset)
/opt/st/stm32cubeide_1.18.0/plugins/com.st.stm32cube.ide.mcu.externaltools.gnu-tools-for-stm32.13.3.rel1.linux64_1.0.0.202410170706/tools/bin/../lib/gcc/arm-none-eabi/13.3.1/../../../../arm-none-eabi/lib/thumb/v7e-m+fp/hard/libc_nano.a(libc_a-closer.o)
                              /opt/st/stm32cubeide_1.18.0/plugins/com.st.stm32cube.ide.mcu.externaltools.gnu-tools-for-stm32.13.3.rel1.linux64_1.0.0.202410170706/tools/bin/../lib/gcc/arm-none-eabi/13.3.1/../../../../arm-none-eabi/lib/thumb/v7e-m+fp/hard/libc_nano.a(libc_a-stdio.o) (_close_r)
/opt/st/stm32cubeide_1.18.0/plugins/com.st.stm32cube.ide.mcu.externaltools.gnu-tools-for-stm32.13.3.rel1.linux64_1.0.0.202410170706/tools/bin/../lib/gcc/arm-none-eabi/13.3.1/../../../../arm-none-eabi/lib/thumb/v7e-m+fp/hard/libc_nano.a(libc_a-reent.o)
                              /opt/st/stm32cubeide_1.18.0/plugins/com.st.stm32cube.ide.mcu.externaltools.gnu-tools-for-stm32.13.3.rel1.linux64_1.0.0.202410170706/tools/bin/../lib/gcc/arm-none-eabi/13.3.1/../../../../arm-none-eabi/lib/thumb/v7e-m+fp/hard/libc_nano.a(libc_a-closer.o) (errno)
/opt/st/stm32cubeide_1.18.0/plugins/com.st.stm32cube.ide.mcu.externaltools.gnu-tools-for-stm32.13.3.rel1.linux64_1.0.0.202410170706/tools/bin/../lib/gcc/arm-none-eabi/13.3.1/../../../../arm-none-eabi/lib/thumb/v7e-m+fp/hard/libc_nano.a(libc_a-impure.o)
                              /opt/st/stm32cubeide_1.18.0/plugins/com.st.stm32cube.ide.mcu.externaltools.gnu-tools-for-stm32.13.3.rel1.linux64_1.0.0.202410170706/tools/bin/../lib/gcc/arm-none-eabi/13.3.1/../../../../arm-none-eabi/lib/thumb/v7e-m+fp/hard/libc_nano.a(libc_a-reent.o) (_impure_ptr)
/opt/st/stm32cubeide_1.18.0/plugins/com.st.stm32cube.ide.mcu.externaltools.gnu-tools-for-stm32.13.3.rel1.linux64_1.0.0.202410170706/tools/bin/../lib/gcc/arm-none-eabi/13.3.1/../../../../arm-none-eabi/lib/thumb/v7e-m+fp/hard/libc_nano.a(libc_a-lseekr.o)
                              /opt/st/stm32cubeide_1.18.0/plugins/com.st.stm32cube.ide.mcu.externaltools.gnu-tools-for-stm32.13.3.rel1.linux64_1.0.0.202410170706/tools/bin/../lib/gcc/arm-none-eabi/13.3.1/../../../../arm-none-eabi/lib/thumb/v7e-m+fp/hard/libc_nano.a(libc_a-stdio.o) (_lseek_r)
[...]
Memory Configuration

Name             Origin             Length             Attributes
RAM              0x20000000         0x00020000         xrw
FLASH            0x08000000         0x00080000         xr
*default*        0x00000000         0xffffffff

Linker script and memory map

LOAD /opt/st/stm32cubeide_1.18.0/plugins/com.st.stm32cube.ide.mcu.externaltools.gnu-tools-for-stm32.13.3.rel1.linux64_1.0.0.202410170706/tools/bin/../lib/gcc/arm-none-eabi/13.3.1/thumb/v7e-m+fp/hard/crti.o
LOAD /opt/st/stm32cubeide_1.18.0/plugins/com.st.stm32cube.ide.mcu.externaltools.gnu-tools-for-stm32.13.3.rel1.linux64_1.0.0.202410170706/tools/bin/../lib/gcc/arm-none-eabi/13.3.1/thumb/v7e-m+fp/hard/crtbegin.o
LOAD /opt/st/stm32cubeide_1.18.0/plugins/com.st.stm32cube.ide.mcu.externaltools.gnu-tools-for-stm32.13.3.rel1.linux64_1.0.0.202410170706/tools/bin/../lib/gcc/arm-none-eabi/13.3.1/../../../../arm-none-eabi/lib/thumb/v7e-m+fp/hard/crt0.o
LOAD ./Core/Src/gpio.o
LOAD ./Core/Src/main.o
LOAD ./Core/Src/stm32g4xx_hal_msp.o
LOAD ./Core/Src/stm32g4xx_it.o
LOAD ./Core/Src/syscalls.o
LOAD ./Core/Src/sysmem.o
LOAD ./Core/Src/system_stm32g4xx.o
LOAD ./Core/Startup/startup_stm32g474retx.o
LOAD ./Drivers/STM32G4xx_HAL_Driver/Src/stm32g4xx_hal.o
LOAD ./Drivers/STM32G4xx_HAL_Driver/Src/stm32g4xx_hal_cortex.o
LOAD ./Drivers/STM32G4xx_HAL_Driver/Src/stm32g4xx_hal_dma.o
LOAD ./Drivers/STM32G4xx_HAL_Driver/Src/stm32g4xx_hal_dma_ex.o
LOAD ./Drivers/STM32G4xx_HAL_Driver/Src/stm32g4xx_hal_exti.o
LOAD ./Drivers/STM32G4xx_HAL_Driver/Src/stm32g4xx_hal_flash.o
LOAD ./Drivers/STM32G4xx_HAL_Driver/Src/stm32g4xx_hal_flash_ex.o
LOAD ./Drivers/STM32G4xx_HAL_Driver/Src/stm32g4xx_hal_flash_ramfunc.o
LOAD ./Drivers/STM32G4xx_HAL_Driver/Src/stm32g4xx_hal_gpio.o
LOAD ./Drivers/STM32G4xx_HAL_Driver/Src/stm32g4xx_hal_pwr.o
LOAD ./Drivers/STM32G4xx_HAL_Driver/Src/stm32g4xx_hal_pwr_ex.o
LOAD ./Drivers/STM32G4xx_HAL_Driver/Src/stm32g4xx_hal_rcc.o
LOAD ./Drivers/STM32G4xx_HAL_Driver/Src/stm32g4xx_hal_rcc_ex.o
LOAD ./Middlewares/Third_Party/ARM_CMSIS/Source/BasicMathFunctions/BasicMathFunctions.o
LOAD ./Middlewares/Third_Party/ARM_CMSIS/Source/BasicMathFunctions/BasicMathFunctionsF16.o
LOAD ./Middlewares/Third_Party/ARM_CMSIS/Source/BayesFunctions/BayesFunctions.o
LOAD ./Middlewares/Third_Party/ARM_CMSIS/Source/BayesFunctions/BayesFunctionsF16.o
LOAD ./Middlewares/Third_Party/ARM_CMSIS/Source/CommonTables/CommonTables.o
LOAD ./Middlewares/Third_Party/ARM_CMSIS/Source/CommonTables/CommonTablesF16.o
LOAD ./Middlewares/Third_Party/ARM_CMSIS/Source/ComplexMathFunctions/ComplexMathFunctions.o
LOAD ./Middlewares/Third_Party/ARM_CMSIS/Source/ComplexMathFunctions/ComplexMathFunctionsF16.o
LOAD ./Middlewares/Third_Party/ARM_CMSIS/Source/ControllerFunctions/ControllerFunctions.o
LOAD ./Middlewares/Third_Party/ARM_CMSIS/Source/DistanceFunctions/DistanceFunctions.o
LOAD ./Middlewares/Third_Party/ARM_CMSIS/Source/DistanceFunctions/DistanceFunctionsF16.o
LOAD ./Middlewares/Third_Party/ARM_CMSIS/Source/FastMathFunctions/FastMathFunctions.o
LOAD ./Middlewares/Third_Party/ARM_CMSIS/Source/FastMathFunctions/FastMathFunctionsF16.o
LOAD ./Middlewares/Third_Party/ARM_CMSIS/Source/FilteringFunctions/FilteringFunctions.o
LOAD ./Middlewares/Third_Party/ARM_CMSIS/Source/FilteringFunctions/FilteringFunctionsF16.o
LOAD ./Middlewares/Third_Party/ARM_CMSIS/Source/InterpolationFunctions/InterpolationFunctions.o
LOAD ./Middlewares/Third_Party/ARM_CMSIS/Source/InterpolationFunctions/InterpolationFunctionsF16.o
LOAD ./Middlewares/Third_Party/ARM_CMSIS/Source/MatrixFunctions/MatrixFunctions.o
LOAD ./Middlewares/Third_Party/ARM_CMSIS/Source/MatrixFunctions/MatrixFunctionsF16.o
LOAD ./Middlewares/Third_Party/ARM_CMSIS/Source/QuaternionMathFunctions/QuaternionMathFunctions.o
LOAD ./Middlewares/Third_Party/ARM_CMSIS/Source/SVMFunctions/SVMFunctions.o
LOAD ./Middlewares/Third_Party/ARM_CMSIS/Source/SVMFunctions/SVMFunctionsF16.o
LOAD ./Middlewares/Third_Party/ARM_CMSIS/Source/StatisticsFunctions/StatisticsFunctions.o
LOAD ./Middlewares/Third_Party/ARM_CMSIS/Source/StatisticsFunctions/StatisticsFunctionsF16.o
LOAD ./Middlewares/Third_Party/ARM_CMSIS/Source/SupportFunctions/SupportFunctions.o
LOAD ./Middlewares/Third_Party/ARM_CMSIS/Source/SupportFunctions/SupportFunctionsF16.o
LOAD ./Middlewares/Third_Party/ARM_CMSIS/Source/TransformFunctions/TransformFunctions.o
LOAD ./Middlewares/Third_Party/ARM_CMSIS/Source/TransformFunctions/TransformFunctionsF16.o
START GROUP
LOAD /opt/st/stm32cubeide_1.18.0/plugins/com.st.stm32cube.ide.mcu.externaltools.gnu-tools-for-stm32.13.3.rel1.linux64_1.0.0.202410170706/tools/bin/../lib/gcc/arm-none-eabi/13.3.1/../../../../arm-none-eabi/lib/thumb/v7e-m+fp/hard/libc_nano.a
LOAD /opt/st/stm32cubeide_1.18.0/plugins/com.st.stm32cube.ide.mcu.externaltools.gnu-tools-for-stm32.13.3.rel1.linux64_1.0.0.202410170706/tools/bin/../lib/gcc/arm-none-eabi/13.3.1/../../../../arm-none-eabi/lib/thumb/v7e-m+fp/hard/libm.a
END GROUP
START GROUP
LOAD /opt/st/stm32cubeide_1.18.0/plugins/com.st.stm32cube.ide.mcu.externaltools.gnu-tools-for-stm32.13.3.rel1.linux64_1.0.0.202410170706/tools/bin/../lib/gcc/arm-none-eabi/13.3.1/thumb/v7e-m+fp/hard/libgcc.a
LOAD /opt/st/stm32cubeide_1.18.0/plugins/com.st.stm32cube.ide.mcu.externaltools.gnu-tools-for-stm32.13.3.rel1.linux64_1.0.0.202410170706/tools/bin/../lib/gcc/arm-none-eabi/13.3.1/../../../../arm-none-eabi/lib/thumb/v7e-m+fp/hard/libc_nano.a
END GROUP
START GROUP
LOAD /opt/st/stm32cubeide_1.18.0/plugins/com.st.stm32cube.ide.mcu.externaltools.gnu-tools-for-stm32.13.3.rel1.linux64_1.0.0.202410170706/tools/bin/../lib/gcc/arm-none-eabi/13.3.1/thumb/v7e-m+fp/hard/libgcc.a
LOAD /opt/st/stm32cubeide_1.18.0/plugins/com.st.stm32cube.ide.mcu.externaltools.gnu-tools-for-stm32.13.3.rel1.linux64_1.0.0.202410170706/tools/bin/../lib/gcc/arm-none-eabi/13.3.1/../../../../arm-none-eabi/lib/thumb/v7e-m+fp/hard/libc_nano.a
LOAD /opt/st/stm32cubeide_1.18.0/plugins/com.st.stm32cube.ide.mcu.externaltools.gnu-tools-for-stm32.13.3.rel1.linux64_1.0.0.202410170706/tools/bin/../lib/gcc/arm-none-eabi/13.3.1/../../../../arm-none-eabi/lib/thumb/v7e-m+fp/hard/libnosys.a
END GROUP
START GROUP
LOAD /opt/st/stm32cubeide_1.18.0/plugins/com.st.stm32cube.ide.mcu.externaltools.gnu-tools-for-stm32.13.3.rel1.linux64_1.0.0.202410170706/tools/bin/../lib/gcc/arm-none-eabi/13.3.1/thumb/v7e-m+fp/hard/libgcc.a
LOAD /opt/st/stm32cubeide_1.18.0/plugins/com.st.stm32cube.ide.mcu.externaltools.gnu-tools-for-stm32.13.3.rel1.linux64_1.0.0.202410170706/tools/bin/../lib/gcc/arm-none-eabi/13.3.1/../../../../arm-none-eabi/lib/thumb/v7e-m+fp/hard/libc_nano.a
LOAD /opt/st/stm32cubeide_1.18.0/plugins/com.st.stm32cube.ide.mcu.externaltools.gnu-tools-for-stm32.13.3.rel1.linux64_1.0.0.202410170706/tools/bin/../lib/gcc/arm-none-eabi/13.3.1/../../../../arm-none-eabi/lib/thumb/v7e-m+fp/hard/libnosys.a
END GROUP
LOAD /opt/st/stm32cubeide_1.18.0/plugins/com.st.stm32cube.ide.mcu.externaltools.gnu-tools-for-stm32.13.3.rel1.linux64_1.0.0.202410170706/tools/bin/../lib/gcc/arm-none-eabi/13.3.1/thumb/v7e-m+fp/hard/crtend.o
LOAD /opt/st/stm32cubeide_1.18.0/plugins/com.st.stm32cube.ide.mcu.externaltools.gnu-tools-for-stm32.13.3.rel1.linux64_1.0.0.202410170706/tools/bin/../lib/gcc/arm-none-eabi/13.3.1/thumb/v7e-m+fp/hard/crtn.o
                0x20020000                        _estack = (ORIGIN (RAM) + LENGTH (RAM))
                0x00000200                        _Min_Heap_Size = 0x200
                0x00000400                        _Min_Stack_Size = 0x400

.isr_vector     0x08000000      0x1d8
                0x08000000                        . = ALIGN (0x4)
 *(.isr_vector)
 .isr_vector    0x08000000      0x1d8 ./Core/Startup/startup_stm32g474retx.o
                0x08000000                g_pfnVectors
                0x080001d8                        . = ALIGN (0x4)

.text           0x080001d8     0x1568
                0x080001d8                        . = ALIGN (0x4)
 *(.text)
 .text          0x080001d8       0x40 /opt/st/stm32cubeide_1.18.0/plugins/com.st.stm32cube.ide.mcu.externaltools.gnu-tools-for-stm32.13.3.rel1.linux64_1.0.0.202410170706/tools/bin/../lib/gcc/arm-none-eabi/13.3.1/thumb/v7e-m+fp/hard/crtbegin.o
 *(.text*)
 .text.MX_GPIO_Init
                0x08000218      0x100 ./Core/Src/gpio.o
                0x08000218                MX_GPIO_Init
 .text.main     0x08000318       0x14 ./Core/Src/main.o
                0x08000318                main
 .text.SystemClock_Config
                0x0800032c       0x96 ./Core/Src/main.o
                0x0800032c                SystemClock_Config
 .text.Error_Handler
                0x080003c2        0xc ./Core/Src/main.o
                0x080003c2                Error_Handler
 *fill*         0x080003ce        0x2 
 .text.HAL_MspInit
                0x080003d0       0x48 ./Core/Src/stm32g4xx_hal_msp.o
                0x080003d0                HAL_MspInit
 .text.NMI_Handler
                0x08000418        0x8 ./Core/Src/stm32g4xx_it.o
                0x08000418                NMI_Handler
 .text.HardFault_Handler
                0x08000420        0x8 ./Core/Src/stm32g4xx_it.o
                0x08000420                HardFault_Handler
 .text.MemManage_Handler
                0x08000428        0x8 ./Core/Src/stm32g4xx_it.o
                0x08000428                MemManage_Handler
 .text.BusFault_Handler
                0x08000430        0x8 ./Core/Src/stm32g4xx_it.o
                0x08000430                BusFault_Handler
 .text.UsageFault_Handler
                0x08000438        0x8 ./Core/Src/stm32g4xx_it.o
                0x08000438                UsageFault_Handler
 .text.SVC_Handler
                0x08000440        0xe ./Core/Src/stm32g4xx_it.o
                0x08000440                SVC_Handler
 .text.DebugMon_Handler
                0x0800044e        0xe ./Core/Src/stm32g4xx_it.o
                0x0800044e                DebugMon_Handler
 .text.PendSV_Handler
                0x0800045c        0xe ./Core/Src/stm32g4xx_it.o
                0x0800045c                PendSV_Handler
 .text.SysTick_Handler
                0x0800046a        0xc ./Core/Src/stm32g4xx_it.o
                0x0800046a                SysTick_Handler
 .text.EXTI15_10_IRQHandler
                0x08000476       0x10 ./Core/Src/stm32g4xx_it.o
                0x08000476                EXTI15_10_IRQHandler
 *fill*         0x08000486        0x2 
 .text.SystemInit
                0x08000488       0x24 ./Core/Src/system_stm32g4xx.o
                0x08000488                SystemInit
 .text.Reset_Handler
                0x080004ac       0x50 ./Core/Startup/startup_stm32g474retx.o
                0x080004ac                Reset_Handler
 .text.Default_Handler
                0x080004fc        0x2 ./Core/Startup/startup_stm32g474retx.o
                0x080004fc                RTC_Alarm_IRQHandler
                0x080004fc                EXTI2_IRQHandler
                0x080004fc                TIM8_TRG_COM_IRQHandler
                0x080004fc                TIM8_CC_IRQHandler
                0x080004fc                HRTIM1_Master_IRQHandler
                0x080004fc                SPI4_IRQHandler
                0x080004fc                FDCAN3_IT0_IRQHandler
                0x080004fc                TIM1_CC_IRQHandler
                0x080004fc                HRTIM1_FLT_IRQHandler
                0x080004fc                HRTIM1_TIMF_IRQHandler
                0x080004fc                USB_HP_IRQHandler
                0x080004fc                CORDIC_IRQHandler
                0x080004fc                HRTIM1_TIMD_IRQHandler
                0x080004fc                DMA2_Channel8_IRQHandler
                0x080004fc                EXTI3_IRQHandler
                0x080004fc                I2C3_ER_IRQHandler
                0x080004fc                EXTI0_IRQHandler
                0x080004fc                I2C2_EV_IRQHandler
                0x080004fc                FPU_IRQHandler
                0x080004fc                FDCAN1_IT1_IRQHandler
                0x080004fc                TIM1_UP_TIM16_IRQHandler
                0x080004fc                ADC1_2_IRQHandler
                0x080004fc                HRTIM1_TIME_IRQHandler
                0x080004fc                SPI1_IRQHandler
                0x080004fc                TIM6_DAC_IRQHandler
                0x080004fc                HRTIM1_TIMC_IRQHandler
                0x080004fc                TIM8_UP_IRQHandler
                0x080004fc                DMA2_Channel2_IRQHandler
                0x080004fc                DMA1_Channel4_IRQHandler
                0x080004fc                TIM20_TRG_COM_IRQHandler
                0x080004fc                USART3_IRQHandler
                0x080004fc                DMA1_Channel7_IRQHandler
                0x080004fc                UART5_IRQHandler
                0x080004fc                ADC3_IRQHandler
                0x080004fc                TIM4_IRQHandler
                0x080004fc                DMA2_Channel1_IRQHandler
                0x080004fc                QUADSPI_IRQHandler
                0x080004fc                I2C1_EV_IRQHandler
                0x080004fc                DMA1_Channel6_IRQHandler
                0x080004fc                UART4_IRQHandler
                0x080004fc                DMA2_Channel4_IRQHandler
                0x080004fc                TIM3_IRQHandler
                0x080004fc                RCC_IRQHandler
                0x080004fc                TIM20_UP_IRQHandler
                0x080004fc                DMA1_Channel1_IRQHandler
                0x080004fc                Default_Handler
                0x080004fc                DMA2_Channel7_IRQHandler
                0x080004fc                RTC_TAMP_LSECSS_IRQHandler
                0x080004fc                FMAC_IRQHandler
                0x080004fc                DMA1_Channel8_IRQHandler
                0x080004fc                HRTIM1_TIMA_IRQHandler
                0x080004fc                TIM7_DAC_IRQHandler
                0x080004fc                FDCAN3_IT1_IRQHandler
                0x080004fc                TIM5_IRQHandler
                0x080004fc                UCPD1_IRQHandler
                0x080004fc                I2C3_EV_IRQHandler
                0x080004fc                EXTI9_5_IRQHandler
                0x080004fc                RTC_WKUP_IRQHandler
                0x080004fc                PVD_PVM_IRQHandler
                0x080004fc                SPI2_IRQHandler
                0x080004fc                ADC5_IRQHandler
                0x080004fc                DMA2_Channel5_IRQHandler
                0x080004fc                CRS_IRQHandler
                0x080004fc                DMA1_Channel5_IRQHandler
                0x080004fc                USB_LP_IRQHandler
                0x080004fc                EXTI4_IRQHandler
                0x080004fc                RNG_IRQHandler
                0x080004fc                HRTIM1_TIMB_IRQHandler
                0x080004fc                TIM1_TRG_COM_TIM17_IRQHandler
                0x080004fc                FDCAN2_IT1_IRQHandler
                0x080004fc                DMA1_Channel3_IRQHandler
                0x080004fc                ADC4_IRQHandler
                0x080004fc                WWDG_IRQHandler
                0x080004fc                I2C4_EV_IRQHandler
                0x080004fc                FDCAN2_IT0_IRQHandler
                0x080004fc                LPUART1_IRQHandler
                0x080004fc                DMA2_Channel6_IRQHandler
                0x080004fc                FDCAN1_IT0_IRQHandler
                0x080004fc                TIM2_IRQHandler
                0x080004fc                COMP7_IRQHandler
                0x080004fc                COMP1_2_3_IRQHandler
                0x080004fc                EXTI1_IRQHandler
                0x080004fc                USART2_IRQHandler
                0x080004fc                COMP4_5_6_IRQHandler
                0x080004fc                TIM20_BRK_IRQHandler
                0x080004fc                I2C2_ER_IRQHandler
                0x080004fc                DMA1_Channel2_IRQHandler
                0x080004fc                TIM8_BRK_IRQHandler
                0x080004fc                FLASH_IRQHandler
                0x080004fc                TIM20_CC_IRQHandler
                0x080004fc                USART1_IRQHandler
                0x080004fc                SPI3_IRQHandler
                0x080004fc                I2C1_ER_IRQHandler
                0x080004fc                FMC_IRQHandler
                0x080004fc                LPTIM1_IRQHandler
                0x080004fc                DMAMUX_OVR_IRQHandler
                0x080004fc                I2C4_ER_IRQHandler
                0x080004fc                USBWakeUp_IRQHandler
                0x080004fc                SAI1_IRQHandler
                0x080004fc                DMA2_Channel3_IRQHandler
                0x080004fc                TIM1_BRK_TIM15_IRQHandler
 .text.HAL_Init
                0x080004fe       0x30 ./Drivers/STM32G4xx_HAL_Driver/Src/stm32g4xx_hal.o
                0x080004fe                HAL_Init
 *fill*         0x0800052e        0x2 
 .text.HAL_InitTick
                0x08000530       0x74 ./Drivers/STM32G4xx_HAL_Driver/Src/stm32g4xx_hal.o
                0x08000530                HAL_InitTick
 .text.HAL_IncTick
                0x080005a4       0x24 ./Drivers/STM32G4xx_HAL_Driver/Src/stm32g4xx_hal.o
                0x080005a4                HAL_IncTick
 .text.HAL_GetTick
                0x080005c8       0x18 ./Drivers/STM32G4xx_HAL_Driver/Src/stm32g4xx_hal.o
                0x080005c8                HAL_GetTick
 .text.__NVIC_SetPriorityGrouping
                0x080005e0       0x48 ./Drivers/STM32G4xx_HAL_Driver/Src/stm32g4xx_hal_cortex.o
 .text.__NVIC_GetPriorityGrouping
                0x08000628       0x1c ./Drivers/STM32G4xx_HAL_Driver/Src/stm32g4xx_hal_cortex.o
 .text.__NVIC_EnableIRQ
                0x08000644       0x3c ./Drivers/STM32G4xx_HAL_Driver/Src/stm32g4xx_hal_cortex.o
 .text.__NVIC_SetPriority
                0x08000680       0x54 ./Drivers/STM32G4xx_HAL_Driver/Src/stm32g4xx_hal_cortex.o
 .text.NVIC_EncodePriority
                0x080006d4       0x66 ./Drivers/STM32G4xx_HAL_Driver/Src/stm32g4xx_hal_cortex.o
 *fill*         0x0800073a        0x2 
 .text.SysTick_Config
                0x0800073c       0x44 ./Drivers/STM32G4xx_HAL_Driver/Src/stm32g4xx_hal_cortex.o
 .text.HAL_NVIC_SetPriorityGrouping
                0x08000780       0x16 ./Drivers/STM32G4xx_HAL_Driver/Src/stm32g4xx_hal_cortex.o
                0x08000780                HAL_NVIC_SetPriorityGrouping
 .text.HAL_NVIC_SetPriority
                0x08000796       0x34 ./Drivers/STM32G4xx_HAL_Driver/Src/stm32g4xx_hal_cortex.o
                0x08000796                HAL_NVIC_SetPriority
 .text.HAL_NVIC_EnableIRQ
                0x080007ca       0x1c ./Drivers/STM32G4xx_HAL_Driver/Src/stm32g4xx_hal_cortex.o
                0x080007ca                HAL_NVIC_EnableIRQ
 .text.HAL_SYSTICK_Config
                0x080007e6       0x18 ./Drivers/STM32G4xx_HAL_Driver/Src/stm32g4xx_hal_cortex.o
                0x080007e6                HAL_SYSTICK_Config
 *fill*         0x080007fe        0x2 
 .text.HAL_GPIO_Init
                0x08000800      0x304 ./Drivers/STM32G4xx_HAL_Driver/Src/stm32g4xx_hal_gpio.o
                0x08000800                HAL_GPIO_Init
 .text.HAL_GPIO_WritePin
                0x08000b04       0x30 ./Drivers/STM32G4xx_HAL_Driver/Src/stm32g4xx_hal_gpio.o
                0x08000b04                HAL_GPIO_WritePin
 .text.HAL_GPIO_EXTI_IRQHandler
                0x08000b34       0x30 ./Drivers/STM32G4xx_HAL_Driver/Src/stm32g4xx_hal_gpio.o
                0x08000b34                HAL_GPIO_EXTI_IRQHandler
 .text.HAL_GPIO_EXTI_Callback
                0x08000b64       0x16 ./Drivers/STM32G4xx_HAL_Driver/Src/stm32g4xx_hal_gpio.o
                0x08000b64                HAL_GPIO_EXTI_Callback
 *fill*         0x08000b7a        0x2 
 .text.HAL_PWREx_ControlVoltageScaling
                0x08000b7c      0x148 ./Drivers/STM32G4xx_HAL_Driver/Src/stm32g4xx_hal_pwr_ex.o
                0x08000b7c                HAL_PWREx_ControlVoltageScaling
 .text.HAL_PWREx_DisableUCPDDeadBattery
                0x08000cc4       0x20 ./Drivers/STM32G4xx_HAL_Driver/Src/stm32g4xx_hal_pwr_ex.o
                0x08000cc4                HAL_PWREx_DisableUCPDDeadBattery
 .text.HAL_RCC_OscConfig
                0x08000ce4      0x624 ./Drivers/STM32G4xx_HAL_Driver/Src/stm32g4xx_hal_rcc.o
                0x08000ce4                HAL_RCC_OscConfig
 .text.HAL_RCC_ClockConfig
                0x08001308      0x278 ./Drivers/STM32G4xx_HAL_Driver/Src/stm32g4xx_hal_rcc.o
                0x08001308                HAL_RCC_ClockConfig
 .text.HAL_RCC_GetSysClockFreq
                0x08001580       0xc4 ./Drivers/STM32G4xx_HAL_Driver/Src/stm32g4xx_hal_rcc.o
                0x08001580                HAL_RCC_GetSysClockFreq
 .text.RCC_GetSysClockFreqFromPLLSource
                0x08001644       0x8c ./Drivers/STM32G4xx_HAL_Driver/Src/stm32g4xx_hal_rcc.o
 .text.memset   0x080016d0       0x10 /opt/st/stm32cubeide_1.18.0/plugins/com.st.stm32cube.ide.mcu.externaltools.gnu-tools-for-stm32.13.3.rel1.linux64_1.0.0.202410170706/tools/bin/../lib/gcc/arm-none-eabi/13.3.1/../../../../arm-none-eabi/lib/thumb/v7e-m+fp/hard/libc_nano.a(libc_a-memset.o)
                0x080016d0                memset
 .text.__libc_init_array
                0x080016e0       0x48 /opt/st/stm32cubeide_1.18.0/plugins/com.st.stm32cube.ide.mcu.externaltools.gnu-tools-for-stm32.13.3.rel1.linux64_1.0.0.202410170706/tools/bin/../lib/gcc/arm-none-eabi/13.3.1/../../../../arm-none-eabi/lib/thumb/v7e-m+fp/hard/libc_nano.a(libc_a-init.o)
                0x080016e0                __libc_init_array
 *(.glue_7)
 .glue_7        0x08001728        0x0 linker stubs
 *(.glue_7t)
 .glue_7t       0x08001728        0x0 linker stubs
 *(.eh_frame)
 .eh_frame      0x08001728        0x0 /opt/st/stm32cubeide_1.18.0/plugins/com.st.stm32cube.ide.mcu.externaltools.gnu-tools-for-stm32.13.3.rel1.linux64_1.0.0.202410170706/tools/bin/../lib/gcc/arm-none-eabi/13.3.1/thumb/v7e-m+fp/hard/crtbegin.o
 *(.init)
 .init          0x08001728        0x4 /opt/st/stm32cubeide_1.18.0/plugins/com.st.stm32cube.ide.mcu.externaltools.gnu-tools-for-stm32.13.3.rel1.linux64_1.0.0.202410170706/tools/bin/../lib/gcc/arm-none-eabi/13.3.1/thumb/v7e-m+fp/hard/crti.o
                0x08001728                _init
 .init          0x0800172c        0x8 /opt/st/stm32cubeide_1.18.0/plugins/com.st.stm32cube.ide.mcu.externaltools.gnu-tools-for-stm32.13.3.rel1.linux64_1.0.0.202410170706/tools/bin/../lib/gcc/arm-none-eabi/13.3.1/thumb/v7e-m+fp/hard/crtn.o
 *(.fini)
 .fini          0x08001734        0x4 /opt/st/stm32cubeide_1.18.0/plugins/com.st.stm32cube.ide.mcu.externaltools.gnu-tools-for-stm32.13.3.rel1.linux64_1.0.0.202410170706/tools/bin/../lib/gcc/arm-none-eabi/13.3.1/thumb/v7e-m+fp/hard/crti.o
                0x08001734                _fini
 .fini          0x08001738        0x8 /opt/st/stm32cubeide_1.18.0/plugins/com.st.stm32cube.ide.mcu.externaltools.gnu-tools-for-stm32.13.3.rel1.linux64_1.0.0.202410170706/tools/bin/../lib/gcc/arm-none-eabi/13.3.1/thumb/v7e-m+fp/hard/crtn.o
                0x08001740                        . = ALIGN (0x4)
                0x08001740                        _etext = .

.vfp11_veneer   0x08001740        0x0
 .vfp11_veneer  0x08001740        0x0 linker stubs

.v4_bx          0x08001740        0x0
 .v4_bx         0x08001740        0x0 linker stubs

.iplt           0x08001740        0x0
 .iplt          0x08001740        0x0 /opt/st/stm32cubeide_1.18.0/plugins/com.st.stm32cube.ide.mcu.externaltools.gnu-tools-for-stm32.13.3.rel1.linux64_1.0.0.202410170706/tools/bin/../lib/gcc/arm-none-eabi/13.3.1/thumb/v7e-m+fp/hard/crtbegin.o

.rodata         0x08001740       0x10
                0x08001740                        . = ALIGN (0x4)
 *(.rodata)
 *(.rodata*)
 .rodata.AHBPrescTable
                0x08001740       0x10 ./Core/Src/system_stm32g4xx.o
                0x08001740                AHBPrescTable
                0x08001750                        . = ALIGN (0x4)

.ARM.extab      0x08001750        0x0
                0x08001750                        . = ALIGN (0x4)
 *(.ARM.extab* .gnu.linkonce.armextab.*)
                0x08001750                        . = ALIGN (0x4)

.ARM            0x08001750        0x0
                0x08001750                        . = ALIGN (0x4)
                0x08001750                        __exidx_start = .
 *(.ARM.exidx*)
                0x08001750                        __exidx_end = .
                0x08001750                        . = ALIGN (0x4)

.preinit_array  0x08001750        0x0
                0x08001750                        . = ALIGN (0x4)
                0x08001750                        PROVIDE (__preinit_array_start = .)
 *(.preinit_array*)
                0x08001750                        PROVIDE (__preinit_array_end = .)
                0x08001750                        . = ALIGN (0x4)

.init_array     0x08001750        0x4
                0x08001750                        . = ALIGN (0x4)
                0x08001750                        PROVIDE (__init_array_start = .)
 *(SORT_BY_NAME(.init_array.*))
 *(.init_array*)
 .init_array    0x08001750        0x4 /opt/st/stm32cubeide_1.18.0/plugins/com.st.stm32cube.ide.mcu.externaltools.gnu-tools-for-stm32.13.3.rel1.linux64_1.0.0.202410170706/tools/bin/../lib/gcc/arm-none-eabi/13.3.1/thumb/v7e-m+fp/hard/crtbegin.o
                0x08001754                        PROVIDE (__init_array_end = .)
                0x08001754                        . = ALIGN (0x4)

.fini_array     0x08001754        0x4
                0x08001754                        . = ALIGN (0x4)
                [!provide]                        PROVIDE (__fini_array_start = .)
 *(SORT_BY_NAME(.fini_array.*))
 *(.fini_array*)
 .fini_array    0x08001754        0x4 /opt/st/stm32cubeide_1.18.0/plugins/com.st.stm32cube.ide.mcu.externaltools.gnu-tools-for-stm32.13.3.rel1.linux64_1.0.0.202410170706/tools/bin/../lib/gcc/arm-none-eabi/13.3.1/thumb/v7e-m+fp/hard/crtbegin.o
                [!provide]                        PROVIDE (__fini_array_end = .)
                0x08001758                        . = ALIGN (0x4)
                0x08001758                        _sidata = LOADADDR (.data)

.rel.dyn        0x08001758        0x0
 .rel.iplt      0x08001758        0x0 /opt/st/stm32cubeide_1.18.0/plugins/com.st.stm32cube.ide.mcu.externaltools.gnu-tools-for-stm32.13.3.rel1.linux64_1.0.0.202410170706/tools/bin/../lib/gcc/arm-none-eabi/13.3.1/thumb/v7e-m+fp/hard/crtbegin.o

.data           0x20000000        0xc load address 0x08001758
                0x20000000                        . = ALIGN (0x4)
                0x20000000                        _sdata = .
 *(.data)
 *(.data*)
 .data.SystemCoreClock
                0x20000000        0x4 ./Core/Src/system_stm32g4xx.o
                0x20000000                SystemCoreClock
 .data.uwTickPrio
                0x20000004        0x4 ./Drivers/STM32G4xx_HAL_Driver/Src/stm32g4xx_hal.o
                0x20000004                uwTickPrio
 .data.uwTickFreq
                0x20000008        0x4 ./Drivers/STM32G4xx_HAL_Driver/Src/stm32g4xx_hal.o
                0x20000008                uwTickFreq
 *(.RamFunc)
 *(.RamFunc*)
                0x2000000c                        . = ALIGN (0x4)
                0x2000000c                        _edata = .

.igot.plt       0x2000000c        0x0 load address 0x08001764
 .igot.plt      0x2000000c        0x0 /opt/st/stm32cubeide_1.18.0/plugins/com.st.stm32cube.ide.mcu.externaltools.gnu-tools-for-stm32.13.3.rel1.linux64_1.0.0.202410170706/tools/bin/../lib/gcc/arm-none-eabi/13.3.1/thumb/v7e-m+fp/hard/crtbegin.o
                0x2000000c                        . = ALIGN (0x4)

.bss            0x2000000c       0x20 load address 0x08001764
                0x2000000c                        _sbss = .
                0x2000000c                        __bss_start__ = _sbss
 *(.bss)
 .bss           0x2000000c       0x1c /opt/st/stm32cubeide_1.18.0/plugins/com.st.stm32cube.ide.mcu.externaltools.gnu-tools-for-stm32.13.3.rel1.linux64_1.0.0.202410170706/tools/bin/../lib/gcc/arm-none-eabi/13.3.1/thumb/v7e-m+fp/hard/crtbegin.o
 *(.bss*)
 .bss.uwTick    0x20000028        0x4 ./Drivers/STM32G4xx_HAL_Driver/Src/stm32g4xx_hal.o
                0x20000028                uwTick
 *(COMMON)
                0x2000002c                        . = ALIGN (0x4)
                0x2000002c                        _ebss = .
                0x2000002c                        __bss_end__ = _ebss

._user_heap_stack
                0x2000002c      0x604 load address 0x08001764
                0x20000030                        . = ALIGN (0x8)
 *fill*         0x2000002c        0x4 
                [!provide]                        PROVIDE (end = .)
                0x20000030                        PROVIDE (_end = .)
                0x20000230                        . = (. + _Min_Heap_Size)
 *fill*         0x20000030      0x200 
                0x20000630                        . = (. + _Min_Stack_Size)
 *fill*         0x20000230      0x400 
                0x20000630                        . = ALIGN (0x8)

/DISCARD/
 libc.a(*)
 libm.a(*)
 libgcc.a(*)

.ARM.attributes
                0x00000000       0x30
 *(.ARM.attributes)
 .ARM.attributes
                0x00000000       0x22 /opt/st/stm32cubeide_1.18.0/plugins/com.st.stm32cube.ide.mcu.externaltools.gnu-tools-for-stm32.13.3.rel1.linux64_1.0.0.202410170706/tools/bin/../lib/gcc/arm-none-eabi/13.3.1/thumb/v7e-m+fp/hard/crti.o
 .ARM.attributes
                0x00000022       0x34 /opt/st/stm32cubeide_1.18.0/plugins/com.st.stm32cube.ide.mcu.externaltools.gnu-tools-for-stm32.13.3.rel1.linux64_1.0.0.202410170706/tools/bin/../lib/gcc/arm-none-eabi/13.3.1/thumb/v7e-m+fp/hard/crtbegin.o
 .ARM.attributes
                0x00000056       0x34 ./Core/Src/gpio.o
 .ARM.attributes
                0x0000008a       0x34 ./Core/Src/main.o
 .ARM.attributes
                0x000000be       0x34 ./Core/Src/stm32g4xx_hal_msp.o
 .ARM.attributes
                0x000000f2       0x34 ./Core/Src/stm32g4xx_it.o
 .ARM.attributes
                0x00000126       0x34 ./Core/Src/system_stm32g4xx.o
 .ARM.attributes
                0x0000015a       0x21 ./Core/Startup/startup_stm32g474retx.o
 .ARM.attributes
                0x0000017b       0x34 ./Drivers/STM32G4xx_HAL_Driver/Src/stm32g4xx_hal.o
 .ARM.attributes
                0x000001af       0x34 ./Drivers/STM32G4xx_HAL_Driver/Src/stm32g4xx_hal_cortex.o
 .ARM.attributes
                0x000001e3       0x34 ./Drivers/STM32G4xx_HAL_Driver/Src/stm32g4xx_hal_gpio.o
 .ARM.attributes
                0x00000217       0x34 ./Drivers/STM32G4xx_HAL_Driver/Src/stm32g4xx_hal_pwr_ex.o
 .ARM.attributes
                0x0000024b       0x34 ./Drivers/STM32G4xx_HAL_Driver/Src/stm32g4xx_hal_rcc.o
 .ARM.attributes
                0x0000027f       0x34 /opt/st/stm32cubeide_1.18.0/plugins/com.st.stm32cube.ide.mcu.externaltools.gnu-tools-for-stm32.13.3.rel1.linux64_1.0.0.202410170706/tools/bin/../lib/gcc/arm-none-eabi/13.3.1/../../../../arm-none-eabi/lib/thumb/v7e-m+fp/hard/libc_nano.a(libc_a-memset.o)
 .ARM.attributes
                0x000002b3       0x34 /opt/st/stm32cubeide_1.18.0/plugins/com.st.stm32cube.ide.mcu.externaltools.gnu-tools-for-stm32.13.3.rel1.linux64_1.0.0.202410170706/tools/bin/../lib/gcc/arm-none-eabi/13.3.1/../../../../arm-none-eabi/lib/thumb/v7e-m+fp/hard/libc_nano.a(libc_a-init.o)
 .ARM.attributes
                0x000002e7       0x22 /opt/st/stm32cubeide_1.18.0/plugins/com.st.stm32cube.ide.mcu.externaltools.gnu-tools-for-stm32.13.3.rel1.linux64_1.0.0.202410170706/tools/bin/../lib/gcc/arm-none-eabi/13.3.1/thumb/v7e-m+fp/hard/crtn.o
OUTPUT(transporter_controller.elf elf32-littlearm)
LOAD linker stubs
LOAD /opt/st/stm32cubeide_1.18.0/plugins/com.st.stm32cube.ide.mcu.externaltools.gnu-tools-for-stm32.13.3.rel1.linux64_1.0.0.202410170706/tools/bin/../lib/gcc/arm-none-eabi/13.3.1/../../../../arm-none-eabi/lib/thumb/v7e-m+fp/hard/libc.a
LOAD /opt/st/stm32cubeide_1.18.0/plugins/com.st.stm32cube.ide.mcu.externaltools.gnu-tools-for-stm32.13.3.rel1.linux64_1.0.0.202410170706/tools/bin/../lib/gcc/arm-none-eabi/13.3.1/../../../../arm-none-eabi/lib/thumb/v7e-m+fp/hard/libm.a
LOAD /opt/st/stm32cubeide_1.18.0/plugins/com.st.stm32cube.ide.mcu.externaltools.gnu-tools-for-stm32.13.3.rel1.linux64_1.0.0.202410170706/tools/bin/../lib/gcc/arm-none-eabi/13.3.1/thumb/v7e-m+fp/hard/libgcc.a

.debug_info     0x00000000     0x4a3a
 .debug_info    0x00000000      0x776 ./Core/Src/gpio.o
 .debug_info    0x00000776      0x2d0 ./Core/Src/main.o
 .debug_info    0x00000a46      0x2da ./Core/Src/stm32g4xx_hal_msp.o
 .debug_info    0x00000d20      0x14c ./Core/Src/stm32g4xx_it.o
 .debug_info    0x00000e6c      0x58e ./Core/Src/system_stm32g4xx.o
 .debug_info    0x000013fa       0x30 ./Core/Startup/startup_stm32g474retx.o
 .debug_info    0x0000142a      0xb95 ./Drivers/STM32G4xx_HAL_Driver/Src/stm32g4xx_hal.o
 .debug_info    0x00001fbf      0xdf9 ./Drivers/STM32G4xx_HAL_Driver/Src/stm32g4xx_hal_cortex.o
 .debug_info    0x00002db8      0x763 ./Drivers/STM32G4xx_HAL_Driver/Src/stm32g4xx_hal_gpio.o
 .debug_info    0x0000351b      0x93f ./Drivers/STM32G4xx_HAL_Driver/Src/stm32g4xx_hal_pwr_ex.o
 .debug_info    0x00003e5a      0xbe0 ./Drivers/STM32G4xx_HAL_Driver/Src/stm32g4xx_hal_rcc.o

.debug_abbrev   0x00000000     0x11c2
 .debug_abbrev  0x00000000      0x15b ./Core/Src/gpio.o
 .debug_abbrev  0x0000015b      0x163 ./Core/Src/main.o
 .debug_abbrev  0x000002be       0xd9 ./Core/Src/stm32g4xx_hal_msp.o
 .debug_abbrev  0x00000397       0xa0 ./Core/Src/stm32g4xx_it.o
 .debug_abbrev  0x00000437      0x11a ./Core/Src/system_stm32g4xx.o
 .debug_abbrev  0x00000551       0x24 ./Core/Startup/startup_stm32g474retx.o
 .debug_abbrev  0x00000575      0x271 ./Drivers/STM32G4xx_HAL_Driver/Src/stm32g4xx_hal.o
 .debug_abbrev  0x000007e6      0x31c ./Drivers/STM32G4xx_HAL_Driver/Src/stm32g4xx_hal_cortex.o
 .debug_abbrev  0x00000b02      0x1cb ./Drivers/STM32G4xx_HAL_Driver/Src/stm32g4xx_hal_gpio.o
 .debug_abbrev  0x00000ccd      0x22c ./Drivers/STM32G4xx_HAL_Driver/Src/stm32g4xx_hal_pwr_ex.o
 .debug_abbrev  0x00000ef9      0x2c9 ./Drivers/STM32G4xx_HAL_Driver/Src/stm32g4xx_hal_rcc.o

.debug_aranges  0x00000000      0x5c8
 .debug_aranges
                0x00000000       0x20 ./Core/Src/gpio.o
 .debug_aranges
                0x00000020       0x30 ./Core/Src/main.o
 .debug_aranges
                0x00000050       0x20 ./Core/Src/stm32g4xx_hal_msp.o
 .debug_aranges
                0x00000070       0x68 ./Core/Src/stm32g4xx_it.o
 .debug_aranges
                0x000000d8       0x28 ./Core/Src/system_stm32g4xx.o
 .debug_aranges
                0x00000100       0x28 ./Core/Startup/startup_stm32g474retx.o
 .debug_aranges
                0x00000128      0x148 ./Drivers/STM32G4xx_HAL_Driver/Src/stm32g4xx_hal.o
 .debug_aranges
                0x00000270      0x128 ./Drivers/STM32G4xx_HAL_Driver/Src/stm32g4xx_hal_cortex.o
 .debug_aranges
                0x00000398       0x58 ./Drivers/STM32G4xx_HAL_Driver/Src/stm32g4xx_hal_gpio.o
 .debug_aranges
                0x000003f0      0x140 ./Drivers/STM32G4xx_HAL_Driver/Src/stm32g4xx_hal_pwr_ex.o
 .debug_aranges
                0x00000530       0x98 ./Drivers/STM32G4xx_HAL_Driver/Src/stm32g4xx_hal_rcc.o

.debug_rnglists
                0x00000000      0x432
 .debug_rnglists
                0x00000000       0x14 ./Core/Src/gpio.o
 .debug_rnglists
                0x00000014       0x20 ./Core/Src/main.o
 .debug_rnglists
                0x00000034       0x13 ./Core/Src/stm32g4xx_hal_msp.o
 .debug_rnglists
                0x00000047       0x49 ./Core/Src/stm32g4xx_it.o
 .debug_rnglists
                0x00000090       0x1a ./Core/Src/system_stm32g4xx.o
 .debug_rnglists
                0x000000aa       0x19 ./Core/Startup/startup_stm32g474retx.o
 .debug_rnglists
                0x000000c3       0xf1 ./Drivers/STM32G4xx_HAL_Driver/Src/stm32g4xx_hal.o
 .debug_rnglists
                0x000001b4       0xda ./Drivers/STM32G4xx_HAL_Driver/Src/stm32g4xx_hal_cortex.o
 .debug_rnglists
                0x0000028e       0x3f ./Drivers/STM32G4xx_HAL_Driver/Src/stm32g4xx_hal_gpio.o
 .debug_rnglists
                0x000002cd       0xf1 ./Drivers/STM32G4xx_HAL_Driver/Src/stm32g4xx_hal_pwr_ex.o
 .debug_rnglists
                0x000003be       0x74 ./Drivers/STM32G4xx_HAL_Driver/Src/stm32g4xx_hal_rcc.o

.debug_macro    0x00000000    0x2452b
 .debug_macro   0x00000000      0x1bf ./Core/Src/gpio.o
 .debug_macro   0x000001bf      0xad8 ./Core/Src/gpio.o
 .debug_macro   0x00000c97      0x14f ./Core/Src/gpio.o
 .debug_macro   0x00000de6       0x2e ./Core/Src/gpio.o
 .debug_macro   0x00000e14       0x28 ./Core/Src/gpio.o
 .debug_macro   0x00000e3c       0x22 ./Core/Src/gpio.o
 .debug_macro   0x00000e5e       0x8e ./Core/Src/gpio.o
 .debug_macro   0x00000eec       0x51 ./Core/Src/gpio.o
 .debug_macro   0x00000f3d      0x103 ./Core/Src/gpio.o
 .debug_macro   0x00001040       0x6a ./Core/Src/gpio.o
 .debug_macro   0x000010aa      0x1df ./Core/Src/gpio.o
 .debug_macro   0x00001289       0x1c ./Core/Src/gpio.o
 .debug_macro   0x000012a5       0x22 ./Core/Src/gpio.o
 .debug_macro   0x000012c7       0xfb ./Core/Src/gpio.o
 .debug_macro   0x000013c2     0x1011 ./Core/Src/gpio.o
 .debug_macro   0x000023d3      0x11f ./Core/Src/gpio.o
 .debug_macro   0x000024f2    0x18b8c ./Core/Src/gpio.o
 .debug_macro   0x0001b07e       0x6d ./Core/Src/gpio.o
 .debug_macro   0x0001b0eb     0x3558 ./Core/Src/gpio.o
 .debug_macro   0x0001e643      0x190 ./Core/Src/gpio.o
 .debug_macro   0x0001e7d3       0x5c ./Core/Src/gpio.o
 .debug_macro   0x0001e82f     0x171f ./Core/Src/gpio.o
 .debug_macro   0x0001ff4e      0x600 ./Core/Src/gpio.o
 .debug_macro   0x0002054e      0x1b6 ./Core/Src/gpio.o
 .debug_macro   0x00020704      0x34a ./Core/Src/gpio.o
 .debug_macro   0x00020a4e      0x53c ./Core/Src/gpio.o
 .debug_macro   0x00020f8a      0x18b ./Core/Src/gpio.o
 .debug_macro   0x00021115       0x43 ./Core/Src/gpio.o
 .debug_macro   0x00021158      0x23d ./Core/Src/gpio.o
 .debug_macro   0x00021395      0x211 ./Core/Src/gpio.o
 .debug_macro   0x000215a6      0x45c ./Core/Src/gpio.o
 .debug_macro   0x00021a02      0x11c ./Core/Src/gpio.o
 .debug_macro   0x00021b1e      0x122 ./Core/Src/gpio.o
 .debug_macro   0x00021c40      0x3d1 ./Core/Src/gpio.o
 .debug_macro   0x00022011      0x358 ./Core/Src/gpio.o
 .debug_macro   0x00022369       0x8e ./Core/Src/gpio.o
 .debug_macro   0x000223f7      0x415 ./Core/Src/main.o
 .debug_macro   0x0002280c       0x61 ./Core/Src/main.o
 .debug_macro   0x0002286d       0x2a ./Core/Src/main.o
 .debug_macro   0x00022897       0x43 ./Core/Src/main.o
 .debug_macro   0x000228da       0x34 ./Core/Src/main.o
 .debug_macro   0x0002290e      0x370 ./Core/Src/main.o
 .debug_macro   0x00022c7e       0x16 ./Core/Src/main.o
 .debug_macro   0x00022c94       0x4a ./Core/Src/main.o
 .debug_macro   0x00022cde       0x34 ./Core/Src/main.o
 .debug_macro   0x00022d12       0x10 ./Core/Src/main.o
 .debug_macro   0x00022d22       0x58 ./Core/Src/main.o
 .debug_macro   0x00022d7a       0x8e ./Core/Src/main.o
 .debug_macro   0x00022e08       0x1c ./Core/Src/main.o
 .debug_macro   0x00022e24      0x185 ./Core/Src/main.o
 .debug_macro   0x00022fa9       0x10 ./Core/Src/main.o
 .debug_macro   0x00022fb9       0x3c ./Core/Src/main.o
 .debug_macro   0x00022ff5       0x20 ./Core/Src/main.o
 .debug_macro   0x00023015      0x19b ./Core/Src/main.o
 .debug_macro   0x000231b0      0x201 ./Core/Src/main.o
 .debug_macro   0x000233b1       0x7c ./Core/Src/main.o
 .debug_macro   0x0002342d       0x17 ./Core/Src/main.o
 .debug_macro   0x00023444      0x118 ./Core/Src/main.o
 .debug_macro   0x0002355c       0xb9 ./Core/Src/main.o
 .debug_macro   0x00023615       0x42 ./Core/Src/main.o
 .debug_macro   0x00023657       0x35 ./Core/Src/main.o
 .debug_macro   0x0002368c       0x22 ./Core/Src/main.o
 .debug_macro   0x000236ae       0x28 ./Core/Src/main.o
 .debug_macro   0x000236d6       0x16 ./Core/Src/main.o
 .debug_macro   0x000236ec       0x16 ./Core/Src/main.o
 .debug_macro   0x00023702       0x10 ./Core/Src/main.o
 .debug_macro   0x00023712      0x1b5 ./Core/Src/stm32g4xx_hal_msp.o
 .debug_macro   0x000238c7      0x1bf ./Core/Src/stm32g4xx_it.o
 .debug_macro   0x00023a86      0x1a6 ./Core/Src/system_stm32g4xx.o
 .debug_macro   0x00023c2c      0x1f4 ./Drivers/STM32G4xx_HAL_Driver/Src/stm32g4xx_hal.o
 .debug_macro   0x00023e20      0x1a6 ./Drivers/STM32G4xx_HAL_Driver/Src/stm32g4xx_hal_cortex.o
 .debug_macro   0x00023fc6      0x1ad ./Drivers/STM32G4xx_HAL_Driver/Src/stm32g4xx_hal_gpio.o
 .debug_macro   0x00024173      0x1d0 ./Drivers/STM32G4xx_HAL_Driver/Src/stm32g4xx_hal_pwr_ex.o
 .debug_macro   0x00024343      0x1e8 ./Drivers/STM32G4xx_HAL_Driver/Src/stm32g4xx_hal_rcc.o

.debug_line     0x00000000     0x60f5
 .debug_line    0x00000000      0x66e ./Core/Src/gpio.o
 .debug_line    0x0000066e      0xa8a ./Core/Src/main.o
 .debug_line    0x000010f8      0x643 ./Core/Src/stm32g4xx_hal_msp.o
 .debug_line    0x0000173b      0x709 ./Core/Src/stm32g4xx_it.o
 .debug_line    0x00001e44      0x6af ./Core/Src/system_stm32g4xx.o
 .debug_line    0x000024f3       0x7b ./Core/Startup/startup_stm32g474retx.o
 .debug_line    0x0000256e      0xa7b ./Drivers/STM32G4xx_HAL_Driver/Src/stm32g4xx_hal.o
 .debug_line    0x00002fe9      0xbe0 ./Drivers/STM32G4xx_HAL_Driver/Src/stm32g4xx_hal_cortex.o
 .debug_line    0x00003bc9      0xa54 ./Drivers/STM32G4xx_HAL_Driver/Src/stm32g4xx_hal_gpio.o
 .debug_line    0x0000461d      0xbda ./Drivers/STM32G4xx_HAL_Driver/Src/stm32g4xx_hal_pwr_ex.o
 .debug_line    0x000051f7      0xefe ./Drivers/STM32G4xx_HAL_Driver/Src/stm32g4xx_hal_rcc.o

.debug_str      0x00000000    0xe3da6
 .debug_str     0x00000000    0xe3da6 ./Core/Src/gpio.o
                              0xdd916 (size before relaxing)
 .debug_str     0x000e3da6    0xe2274 ./Core/Src/main.o
 .debug_str     0x000e3da6    0xdd200 ./Core/Src/stm32g4xx_hal_msp.o
 .debug_str     0x000e3da6    0xdd151 ./Core/Src/stm32g4xx_it.o
 .debug_str     0x000e3da6    0xdd04f ./Core/Src/system_stm32g4xx.o
 .debug_str     0x000e3da6       0x91 ./Core/Startup/startup_stm32g474retx.o
 .debug_str     0x000e3da6    0xddd61 ./Drivers/STM32G4xx_HAL_Driver/Src/stm32g4xx_hal.o
 .debug_str     0x000e3da6    0xdda1d ./Drivers/STM32G4xx_HAL_Driver/Src/stm32g4xx_hal_cortex.o
 .debug_str     0x000e3da6    0xdd1da ./Drivers/STM32G4xx_HAL_Driver/Src/stm32g4xx_hal_gpio.o
 .debug_str     0x000e3da6    0xdd53d ./Drivers/STM32G4xx_HAL_Driver/Src/stm32g4xx_hal_pwr_ex.o
 .debug_str     0x000e3da6    0xdd76e ./Drivers/STM32G4xx_HAL_Driver/Src/stm32g4xx_hal_rcc.o

.comment        0x00000000       0x43
 .comment       0x00000000       0x43 ./Core/Src/gpio.o
                                 0x44 (size before relaxing)
 .comment       0x00000043       0x44 ./Core/Src/main.o
 .comment       0x00000043       0x44 ./Core/Src/stm32g4xx_hal_msp.o
 .comment       0x00000043       0x44 ./Core/Src/stm32g4xx_it.o
 .comment       0x00000043       0x44 ./Core/Src/system_stm32g4xx.o
 .comment       0x00000043       0x44 ./Drivers/STM32G4xx_HAL_Driver/Src/stm32g4xx_hal.o
 .comment       0x00000043       0x44 ./Drivers/STM32G4xx_HAL_Driver/Src/stm32g4xx_hal_cortex.o
 .comment       0x00000043       0x44 ./Drivers/STM32G4xx_HAL_Driver/Src/stm32g4xx_hal_gpio.o
 .comment       0x00000043       0x44 ./Drivers/STM32G4xx_HAL_Driver/Src/stm32g4xx_hal_pwr_ex.o
 .comment       0x00000043       0x44 ./Drivers/STM32G4xx_HAL_Driver/Src/stm32g4xx_hal_rcc.o

.debug_frame    0x00000000     0x1500
 .debug_frame   0x00000000       0x34 ./Core/Src/gpio.o
 .debug_frame   0x00000034       0x68 ./Core/Src/main.o
 .debug_frame   0x0000009c       0x34 ./Core/Src/stm32g4xx_hal_msp.o
 .debug_frame   0x000000d0      0x120 ./Core/Src/stm32g4xx_it.o
 .debug_frame   0x000001f0       0x58 ./Core/Src/system_stm32g4xx.o
 .debug_frame   0x00000248      0x500 ./Drivers/STM32G4xx_HAL_Driver/Src/stm32g4xx_hal.o
 .debug_frame   0x00000748      0x4e8 ./Drivers/STM32G4xx_HAL_Driver/Src/stm32g4xx_hal_cortex.o
 .debug_frame   0x00000c30      0x14c ./Drivers/STM32G4xx_HAL_Driver/Src/stm32g4xx_hal_gpio.o
 .debug_frame   0x00000d7c      0x4fc ./Drivers/STM32G4xx_HAL_Driver/Src/stm32g4xx_hal_pwr_ex.o
 .debug_frame   0x00001278      0x23c ./Drivers/STM32G4xx_HAL_Driver/Src/stm32g4xx_hal_rcc.o
 .debug_frame   0x000014b4       0x20 /opt/st/stm32cubeide_1.18.0/plugins/com.st.stm32cube.ide.mcu.externaltools.gnu-tools-for-stm32.13.3.rel1.linux64_1.0.0.202410170706/tools/bin/../lib/gcc/arm-none-eabi/13.3.1/../../../../arm-none-eabi/lib/thumb/v7e-m+fp/hard/libc_nano.a(libc_a-memset.o)
 .debug_frame   0x000014d4       0x2c /opt/st/stm32cubeide_1.18.0/plugins/com.st.stm32cube.ide.mcu.externaltools.gnu-tools-for-stm32.13.3.rel1.linux64_1.0.0.202410170706/tools/bin/../lib/gcc/arm-none-eabi/13.3.1/../../../../arm-none-eabi/lib/thumb/v7e-m+fp/hard/libc_nano.a(libc_a-init.o)

.debug_line_str
                0x00000000       0x75
 .debug_line_str
                0x00000000       0x75 ./Core/Startup/startup_stm32g474retx.o
